CONFIG
+-- model
|   `-- _target_: parco.models.rl.PARCORLModule                                                                                                                                                                    
|       metrics:                                                                                                                                                                                                   
|         train:                                                                                                                                                                                                   
|         - loss                                                                                                                                                                                                   
|         - reward                                                                                                                                                                                                 
|         - halting_ratio                                                                                                                                                                                          
|         - pos_ratio                                                                                                                                                                                              
|         val:                                                                                                                                                                                                     
|         - reward                                                                                                                                                                                                 
|         - halting_ratio                                                                                                                                                                                          
|         - pos_ratio                                                                                                                                                                                              
|         test:                                                                                                                                                                                                    
|         - reward                                                                                                                                                                                                 
|         - halting_ratio                                                                                                                                                                                          
|         - pos_ratio                                                                                                                                                                                              
|         log_on_step: true                                                                                                                                                                                        
|       policy:                                                                                                                                                                                                    
|         _target_: parco.models.policy.PARCOPolicy                                                                                                                                                                
|         env_name: hcvrp                                                                                                                                                                                          
|         agent_handler: highprob                                                                                                                                                                                  
|         embed_dim: 128                                                                                                                                                                                           
|         norm_after: false                                                                                                                                                                                        
|         normalization: rms                                                                                                                                                                                       
|         use_final_norm: true                                                                                                                                                                                     
|         parallel_gated_kwargs:                                                                                                                                                                                   
|           mlp_activation: silu                                                                                                                                                                                   
|         context_embedding_kwargs:                                                                                                                                                                                
|           normalization: rms                                                                                                                                                                                     
|           norm_after: false                                                                                                                                                                                      
|           use_final_norm: true                                                                                                                                                                                   
|           parallel_gated_kwargs:                                                                                                                                                                                 
|             mlp_activation: silu                                                                                                                                                                                 
|       batch_size: 128                                                                                                                                                                                            
|       val_batch_size: 128                                                                                                                                                                                        
|       test_batch_size: 128                                                                                                                                                                                       
|       train_data_size: 100000                                                                                                                                                                                    
|       val_data_size: 10000                                                                                                                                                                                       
|       test_data_size: 10000                                                                                                                                                                                      
|       optimizer_kwargs:                                                                                                                                                                                          
|         lr: 0.0001                                                                                                                                                                                               
|         weight_decay: 0.0                                                                                                                                                                                        
|       lr_scheduler: MultiStepLR                                                                                                                                                                                  
|       lr_scheduler_kwargs:                                                                                                                                                                                       
|         milestones:                                                                                                                                                                                              
|         - 80                                                                                                                                                                                                     
|         - 95                                                                                                                                                                                                     
|         gamma: 0.1                                                                                                                                                                                               
|       num_augment: 8                                                                                                                                                                                             
|       train_min_agents: 3                                                                                                                                                                                        
|       train_max_agents: 7                                                                                                                                                                                        
|       train_min_size: 60                                                                                                                                                                                         
|       train_max_size: 100                                                                                                                                                                                        
|                                                                                                                                                                                                                  
+-- callbacks
|   `-- model_checkpoint:                                                                                                                                                                                          
|         _target_: lightning.pytorch.callbacks.ModelCheckpoint                                                                                                                                                    
|         dirpath: F:\Ptython_project\parco-main\logs\train\runs\hcvrp_n100_m7\parco\2026-03-04_19-08-27/checkpoints                                                                                               
|         filename: epoch_{epoch:03d}                                                                                                                                                                              
|         monitor: val/reward/n60_m5                                                                                                                                                                               
|         verbose: false                                                                                                                                                                                           
|         save_last: true                                                                                                                                                                                          
|         save_top_k: 1                                                                                                                                                                                            
|         mode: max                                                                                                                                                                                                
|         auto_insert_metric_name: false                                                                                                                                                                           
|         save_weights_only: false                                                                                                                                                                                 
|         every_n_train_steps: null                                                                                                                                                                                
|         train_time_interval: null                                                                                                                                                                                
|         every_n_epochs: null                                                                                                                                                                                     
|         save_on_train_epoch_end: null                                                                                                                                                                            
|       model_summary:                                                                                                                                                                                             
|         _target_: lightning.pytorch.callbacks.RichModelSummary                                                                                                                                                   
|         max_depth: 5                                                                                                                                                                                             
|       rich_progress_bar:                                                                                                                                                                                         
|         _target_: lightning.pytorch.callbacks.RichProgressBar                                                                                                                                                    
|       speed_monitor:                                                                                                                                                                                             
|         _target_: rl4co.utils.callbacks.speed_monitor.SpeedMonitor                                                                                                                                               
|         intra_step_time: true                                                                                                                                                                                    
|         inter_step_time: true                                                                                                                                                                                    
|         epoch_time: true                                                                                                                                                                                         
|       learning_rate_monitor:                                                                                                                                                                                     
|         _target_: lightning.pytorch.callbacks.LearningRateMonitor                                                                                                                                                
|         logging_interval: epoch                                                                                                                                                                                  
|                                                                                                                                                                                                                  
+-- logger
|   `-- wandb:                                                                                                                                                                                                     
|         _target_: lightning.pytorch.loggers.wandb.WandbLogger                                                                                                                                                    
|         save_dir: F:\Ptython_project\parco-main\logs\train\runs\hcvrp_n100_m7\parco\2026-03-04_19-08-27                                                                                                          
|         offline: false                                                                                                                                                                                           
|         id: null                                                                                                                                                                                                 
|         anonymous: null                                                                                                                                                                                          
|         project: parco-hcvrp                                                                                                                                                                                     
|         log_model: false                                                                                                                                                                                         
|         prefix: ''                                                                                                                                                                                               
|         group: hcvrp_n100_m7                                                                                                                                                                                     
|         tags:                                                                                                                                                                                                    
|         - parco                                                                                                                                                                                                  
|         - hcvrp                                                                                                                                                                                                  
|         - communication                                                                                                                                                                                          
|         job_type: ''                                                                                                                                                                                             
|         name: parco                                                                                                                                                                                              
|                                                                                                                                                                                                                  
+-- trainer
|   `-- _target_: rl4co.utils.trainer.RL4COTrainer                                                                                                                                                                 
|       default_root_dir: F:\Ptython_project\parco-main\logs\train\runs\hcvrp_n100_m7\parco\2026-03-04_19-08-27                                                                                                    
|       gradient_clip_val: 1.0                                                                                                                                                                                     
|       accelerator: gpu                                                                                                                                                                                           
|       precision: 16-mixed                                                                                                                                                                                        
|       strategy:                                                                                                                                                                                                  
|         _target_: lightning.pytorch.strategies.DDPStrategy                                                                                                                                                       
|         find_unused_parameters: true                                                                                                                                                                             
|         gradient_as_bucket_view: true                                                                                                                                                                            
|       check_val_every_n_epoch: 1                                                                                                                                                                                 
|       deterministic: false                                                                                                                                                                                       
|       max_epochs: 100                                                                                                                                                                                            
|                                                                                                                                                                                                                  
+-- paths
|   `-- root_dir: F:\Ptython_project\parco-main                                                                                                                                                                    
|       data_dir: F:\Ptython_project\parco-main/data/                                                                                                                                                              
|       log_dir: F:\Ptython_project\parco-main/logs/                                                                                                                                                               
|       output_dir: F:\Ptython_project\parco-main\logs\train\runs\hcvrp_n100_m7\parco\2026-03-04_19-08-27                                                                                                          
|       work_dir: F:\Ptython_project\parco-main                                                                                                                                                                    
|                                                                                                                                                                                                                  
+-- extras
|   `-- ignore_warnings: false                                                                                                                                                                                     
|       enforce_tags: true                                                                                                                                                                                         
|       print_config: true                                                                                                                                                                                         
|                                                                                                                                                                                                                  
+-- mode
|   `-- train                                                                                                                                                                                                      
+-- tags
|   `-- ['dev']                                                                                                                                                                                                    
+-- train
|   `-- True                                                                                                                                                                                                       
+-- test
|   `-- True                                                                                                                                                                                                       
+-- compile
|   `-- False                                                                                                                                                                                                      
+-- ckpt_path
|   `-- None                                                                                                                                                                                                       
+-- seed
|   `-- 1234                                                                                                                                                                                                       
+-- matmul_precision
|   `-- medium                                                                                                                                                                                                     
+-- metrics
|   `-- train:                                                                                                                                                                                                     
|       - loss                                                                                                                                                                                                     
|       - reward                                                                                                                                                                                                   
|       val:                                                                                                                                                                                                       
|       - reward                                                                                                                                                                                                   
|       test:                                                                                                                                                                                                      
|       - reward                                                                                                                                                                                                   
|       log_on_step: true                                                                                                                                                                                          
|                                                                                                                                                                                                                  
+-- env
|   `-- _target_: parco.envs.hcvrp.HCVRPEnv                                                                                                                                                                        
|       name: hcvrp                                                                                                                                                                                                
|       generator_params:                                                                                                                                                                                          
|         num_loc: 100                                                                                                                                                                                             
|         num_agents: 7                                                                                                                                                                                            
|       data_dir: F:\Ptython_project\parco-main/data/hcvrp                                                                                                                                                         
|       val_file:                                                                                                                                                                                                  
|       - n60_m3_seed24610.npz                                                                                                                                                                                     
|       - n60_m5_seed24610.npz                                                                                                                                                                                     
|       - n60_m7_seed24610.npz                                                                                                                                                                                     
|       - n80_m3_seed24610.npz                                                                                                                                                                                     
|       - n80_m5_seed24610.npz                                                                                                                                                                                     
|       - n80_m7_seed24610.npz                                                                                                                                                                                     
|       - n100_m3_seed24610.npz                                                                                                                                                                                    
|       - n100_m5_seed24610.npz                                                                                                                                                                                    
|       - n100_m7_seed24610.npz                                                                                                                                                                                    
|       val_dataloader_names:                                                                                                                                                                                      
|       - n60_m3                                                                                                                                                                                                   
|       - n60_m5                                                                                                                                                                                                   
|       - n60_m7                                                                                                                                                                                                   
|       - n80_m3                                                                                                                                                                                                   
|       - n80_m5                                                                                                                                                                                                   
|       - n80_m7                                                                                                                                                                                                   
|       - n100_m3                                                                                                                                                                                                  
|       - n100_m5                                                                                                                                                                                                  
|       - n100_m7                                                                                                                                                                                                  
|       test_file:                                                                                                                                                                                                 
|       - n60_m3_seed24610.npz                                                                                                                                                                                     
|       - n60_m5_seed24610.npz                                                                                                                                                                                     
|       - n60_m7_seed24610.npz                                                                                                                                                                                     
|       - n80_m3_seed24610.npz                                                                                                                                                                                     
|       - n80_m5_seed24610.npz                                                                                                                                                                                     
|       - n80_m7_seed24610.npz                                                                                                                                                                                     
|       - n100_m3_seed24610.npz                                                                                                                                                                                    
|       - n100_m5_seed24610.npz                                                                                                                                                                                    
|       - n100_m7_seed24610.npz                                                                                                                                                                                    
|       test_dataloader_names:                                                                                                                                                                                     
|       - n60_m3                                                                                                                                                                                                   
|       - n60_m5                                                                                                                                                                                                   
|       - n60_m7                                                                                                                                                                                                   
|       - n80_m3                                                                                                                                                                                                   
|       - n80_m5                                                                                                                                                                                                   
|       - n80_m7                                                                                                                                                                                                   
|       - n100_m3                                                                                                                                                                                                  
|       - n100_m5                                                                                                                                                                                                  
|       - n100_m7                                                                                                                                                                                                  
|                                                                                                                                                                                                                  
`-- generator_params
    `-- num_loc: 100                                                                                                                                                                                               
        num_agents: 7                                                                                                                                                                                              
                                                                                                                                                                                                                   
